src/modules/admin/disputes/DisputeCenter.tsx(192,7): error TS6133: 'formatTime' is declared but its value is never read.
src/modules/admin/disputes/DisputeCenter.tsx(341,7): error TS6133: 'DisputeModal' is declared but its value is never read.
src/modules/admin/disputes/DisputeCenter.tsx(891,9): error TS6133: 'handleStatusChange' is declared but its value is never read.
src/modules/admin/disputes/DisputeCenter.tsx(909,9): error TS6133: 'handleAddMessage' is declared but its value is never read.
src/modules/admin/disputes/DisputeCenter.tsx(909,29): error TS6133: 'id' is declared but its value is never read.
src/modules/admin/disputes/DisputeCenter.tsx(909,41): error TS6133: 'message' is declared but its value is never read.
src/modules/admin/disputes/DisputeDetails.tsx(513,9): error TS6133: 'dispute' is declared but its value is never read.
src/modules/admin/logistics/OrderControlPanel.tsx(1679,21): error TS6133: 'setIsLoading' is declared but its value is never read.
src/modules/admin/marketplace/ListingReviewModal.tsx(1,38): error TS6133: 'useCallback' is declared but its value is never read.
src/modules/admin/users/KycReviewPanel.tsx(598,9): error TS6133: 'canApprove' is declared but its value is never read.
src/modules/admin/users/UserDetailsModal.tsx(173,7): error TS6133: 'formatDateTime' is declared but its value is never read.
src/modules/admin/users/UserDetailsModal.tsx(222,7): error TS6133: 'RatingStars' is declared but its value is never read.
src/modules/customer/pages/CustomerHomepage.tsx(1,46): error TS6133: 'useCallback' is declared but its value is never read.
src/modules/customer/pages/CustomerHomepage.tsx(116,25): error TS6133: 'setNotifications' is declared but its value is never read.
src/modules/customer/pages/CustomerPayments.tsx(1,46): error TS6133: 'useCallback' is declared but its value is never read.
src/modules/customer/pages/CustomerPayments.tsx(129,7): error TS6133: 'maskUPI' is declared but its value is never read.
src/modules/driver/pages/AvailablePickups.tsx(118,10): error TS6133: 'sidebarCollapsed' is declared but its value is never read.
src/modules/driver/pages/AvailablePickups.tsx(118,28): error TS6133: 'setSidebarCollapsed' is declared but its value is never read.
src/modules/driver/pages/AvailablePickups.tsx(303,9): error TS6133: 'handleLogout' is declared but its value is never read.
src/modules/driver/pages/DriverSettings.tsx(61,21): error TS6133: 'setDocuments' is declared but its value is never read.
src/modules/driver/pages/Mydeliveries.tsx(64,10): error TS6133: 'sidebarCollapsed' is declared but its value is never read.
src/modules/driver/pages/Mydeliveries.tsx(64,28): error TS6133: 'setSidebarCollapsed' is declared but its value is never read.
src/modules/driver/pages/Mydeliveries.tsx(189,9): error TS6133: 'handleLogout' is declared but its value is never read.
src/modules/farmer/pages/Analytics.tsx(65,23): error TS6133: 'setMonthlyData' is declared but its value is never read.
src/modules/farmer/pages/EditListing.tsx(39,10): error TS6133: 'user' is declared but its value is never read.
src/modules/farmer/pages/EditListing.tsx(45,10): error TS6133: 'originalListing' is declared but its value is never read.
src/modules/farmer/pages/FarmerDashboard.tsx(8,70): error TS6133: 'Bell' is declared but its value is never read.
src/modules/ngo/pages/ClaimedDonations.tsx(3,200): error TS6133: 'Check' is declared but its value is never read.
src/modules/ngo/pages/ImpactDashboard.tsx(6,164): error TS6133: 'AlertCircle' is declared but its value is never read.
src/modules/ngo/pages/ImpactDashboard.tsx(6,177): error TS6133: 'Banknote' is declared but its value is never read.
src/modules/ngo/pages/ImpactDashboard.tsx(6,187): error TS6133: 'Package' is declared but its value is never read.
src/modules/ngo/pages/ImpactDashboard.tsx(204,10): error TS6133: 'loading' is declared but its value is never read.
src/modules/ngo/pages/NgoOrderTracking.tsx(246,7): error TS6133: 'INITIAL_ORDERS' is declared but its value is never read.
